<?xml version="1.0" encoding="utf-8"?><testsuites name="pytest tests"><testsuite name="pytest" errors="0" failures="4" skipped="0" tests="246" time="11.952" timestamp="2026-08-04T09:05:31.494316+07:00" hostname="int-tthhoa-laptop"><testcase classname="backend.app.services.help_ai_service_test" name="test_greeting_response" time="0.005" /><testcase classname="backend.app.services.help_ai_service_test" name="test_valid_guide_response" time="0.004"><failure message="AssertionError: assert 'Creating Tasks' in 'Sorry, I cannot access real-time system data or your personal TaskFlow information. I can only answer questions about the TaskFlow user guide and system features.'&#10; +  where 'Sorry, I cannot access real-time system data or your personal TaskFlow information. I can only answer questions about the TaskFlow user guide and system features.' = AIChatResponse(reply='Sorry, I cannot access real-time system data or your personal TaskFlow information. I can only answer questions about the TaskFlow user guide and system features.').reply">mock_db = &lt;MagicMock id='2087335839792'&gt;

    def test_valid_guide_response(mock_db):
        # Query that should match the Task Management guide
        request = AIChatRequest(message="How do I create a task?")
        response = answer_chat(mock_db, request, None)
        # Ensure the response is not the unsupported message
        assert response.reply != _text("en", "no_guide")
        # Check that a known section title from the guide appears in the answer
&gt;       assert "Creating Tasks" in response.reply
E       AssertionError: assert 'Creating Tasks' in 'Sorry, I cannot access real-time system data or your personal TaskFlow information. I can only answer questions about the TaskFlow user guide and system features.'
E        +  where 'Sorry, I cannot access real-time system data or your personal TaskFlow information. I can only answer questions about the TaskFlow user guide and system features.' = AIChatResponse(reply='Sorry, I cannot access real-time system data or your personal TaskFlow information. I can only answer questions about the TaskFlow user guide and system features.').reply

backend\app\services\help_ai_service_test.py:26: AssertionError</failure></testcase><testcase classname="backend.app.services.help_ai_service_test" name="test_unsupported_question" time="0.006"><failure message="AssertionError: assert 'Here is info...tive actions.' == 'Sorry, I cou...w user guide.'&#10;  &#10;  - Sorry, I couldn't find any relevant information in the TaskFlow user guide.&#10;  + Here is information regarding User Permissions (Super Admin):&#10;  + &#10;  + Super Admin:&#10;  + The Super Admin role provides complete, unrestricted access to the entire TaskFlow platform. Super Admins are responsible for user lifecycle management and platform-level oversight.&#10;  + ...&#10;  &#10;  ...Full output truncated (7 lines hidden), use '-vv' to show">mock_db = &lt;MagicMock id='2087335842480'&gt;

    def test_unsupported_question(mock_db):
        request = AIChatRequest(message="What is the meaning of life?")
        response = answer_chat(mock_db, request, None)
&gt;       assert response.reply == _text("en", "no_guide")
E       AssertionError: assert 'Here is info...tive actions.' == 'Sorry, I cou...w user guide.'
E         
E         - Sorry, I couldn't find any relevant information in the TaskFlow user guide.
E         + Here is information regarding User Permissions (Super Admin):
E         + 
E         + Super Admin:
E         + The Super Admin role provides complete, unrestricted access to the entire TaskFlow platform. Super Admins are responsible for user lifecycle management and platform-level oversight.
E         + ...
E         
E         ...Full output truncated (7 lines hidden), use '-vv' to show

backend\app\services\help_ai_service_test.py:31: AssertionError</failure></testcase><testcase classname="backend.tests.test_attachment_api" name="test_attachment_upload_delegates_to_media_service" time="0.001" /><testcase classname="backend.tests.test_attachment_api" name="test_attachment_routes_delegate_to_service" time="0.001" /><testcase classname="backend.tests.test_attachment_api" name="test_upload_task_media_uses_cloudinary_when_enabled" time="0.074" /><testcase classname="backend.tests.test_auth_login_reset" name="test_login_success_generates_tokens_saves_user_token_and_audit" time="0.001" /><testcase classname="backend.tests.test_auth_login_reset" name="test_login_email_not_found" time="0.001" /><testcase classname="backend.tests.test_auth_login_reset" name="test_login_wrong_password_increments_failed_attempts" time="0.001" /><testcase classname="backend.tests.test_auth_login_reset" name="test_login_wrong_password_locks_at_max_attempts" time="0.001" /><testcase classname="backend.tests.test_auth_login_reset" name="test_register_notifies_super_admins" time="0.001" /><testcase classname="backend.tests.test_auth_login_reset" name="test_login_blocked_account_states[user0-Please verify your email first.]" time="0.001" /><testcase classname="backend.tests.test_auth_login_reset" name="test_login_blocked_account_states[user1-Account has been deactivated.]" time="0.001" /><testcase classname="backend.tests.test_auth_login_reset" name="test_login_blocked_account_states[user2-Account temporarily locked.]" time="0.001" /><testcase classname="backend.tests.test_auth_login_reset" name="test_forgot_password_generates_password_reset_token_and_sends_email" time="0.001" /><testcase classname="backend.tests.test_auth_login_reset" name="test_forgot_password_email_not_found" time="0.001" /><testcase classname="backend.tests.test_auth_login_reset" name="test_upload_register_avatar_uses_current_user_and_returns_avatar_url" time="0.001" /><testcase classname="backend.tests.test_auth_login_reset" name="test_resend_reset_code_replaces_code_and_sends_email" time="0.001" /><testcase classname="backend.tests.test_auth_login_reset" name="test_reset_password_hashes_password_and_clears_lock" time="0.001"><failure message="AttributeError: 'FakeDb' object has no attribute 'delete'">monkeypatch = &lt;_pytest.monkeypatch.MonkeyPatch object at 0x000001E5FF0B9FF0&gt;

    def test_reset_password_hashes_password_and_clears_lock(monkeypatch):
        db = FakeDb()
        user = make_user(status_user="Locked", failed_login_attempts=5, locked_until=vietnam_now())
        token = make_token(used_at=None)
        audits = []
        revoked = []
    
        monkeypatch.setattr(auth_service, "get_user_by_email", lambda _db, email: user)
        monkeypatch.setattr(auth_service, "get_verification_token", lambda _db, email, token_type: token)
        patch_valid_reset_jwt(monkeypatch, user)
        monkeypatch.setattr(auth_service, "hash_password", lambda password: f"hashed::{password}")
        monkeypatch.setattr(auth_service, "create_audit_log", lambda _db, **kwargs: audits.append(kwargs))
        monkeypatch.setattr(auth_service, "revoke_all_user_tokens", lambda _db, user_id: revoked.append(user_id))
    
&gt;       response = auth_service.reset_password(db, user.email, token.otp_code, "NewPassword@123")
                   ^^^^^^^^^^^^^^^^^^^^^^^^^^^^^^^^^^^^^^^^^^^^^^^^^^^^^^^^^^^^^^^^^^^^^^^^^^^^^^

backend\tests\test_auth_login_reset.py:341: 
_ _ _ _ _ _ _ _ _ _ _ _ _ _ _ _ _ _ _ _ _ _ _ _ _ _ _ _ _ _ _ _ _ _ _ _ _ _ _ _

db = &lt;test_auth_login_reset.FakeDb object at 0x000001E5FF0A5E10&gt;
email = 'minhtrang@gmail.com'
token = 'eyJhbGciOiJIUzI1NiIsInR5cCI6IkpXVCJ9.eyJ0eXBlIjoicGFzc3dvcmRfcmVzZXQiLCJ1c2VyX2lkIjoiVVNSMDAwMDAwMDIiLCJlbWFpbCI6Im1pbmh0cmFuZ0BnbWFpbC5jb20ifQ.signature'
new_password = 'NewPassword@123'

    def reset_password(db: Session, email: str, token: str, new_password: str) -&gt; MessageResponse:
        """Reset password using a token from the reset link."""
        now = vietnam_now()
        user = get_user_by_email(db, email)
    
        if user is None:
            raise HTTPException(
                status_code=status.HTTP_404_NOT_FOUND,
                detail={"message": "Email does not exist."},
            )
    
        _decode_password_reset_link_token(token, email=user.email, user_id=user.user_id)
    
        # Validate token (must be valid, not used, not expired)
        token_obj = _get_valid_verification_token(
            db, email=email, code=token, token_type=PASSWORD_RESET, now=now
        )
    
        try:
            # Delete the token instead of marking it used
&gt;           db.delete(token_obj)
            ^^^^^^^^^
E           AttributeError: 'FakeDb' object has no attribute 'delete'

backend\app\services\auth_service.py:603: AttributeError</failure></testcase><testcase classname="backend.tests.test_auth_login_reset" name="test_reset_password_rejects_used_reset_link" time="0.002" /><testcase classname="backend.tests.test_auth_login_reset" name="test_reset_password_validates_password_strength_and_match" time="0.002" /><testcase classname="backend.tests.test_auth_login_reset" name="test_logout_revokes_refresh_token_for_current_access_token" time="0.001" /><testcase classname="backend.tests.test_auth_login_reset" name="test_refresh_tokens_with_valid_refresh_token_updates_access_token" time="0.039" /><testcase classname="backend.tests.test_auth_login_reset" name="test_refresh_tokens_rejects_refresh_token_not_stored" time="0.003" /><testcase classname="backend.tests.test_auth_login_reset" name="test_refresh_tokens_rejects_expired_stored_refresh_token" time="0.002" /><testcase classname="backend.tests.test_auth_login_reset" name="test_refresh_tokens_rejects_revoked_refresh_token" time="0.001" /><testcase classname="backend.tests.test_comment_api" name="test_comment_payloads_trim_and_validate_content" time="0.001" /><testcase classname="backend.tests.test_comment_api" name="test_comment_list_and_create_delegate_to_service" time="0.001" /><testcase classname="backend.tests.test_comment_api" name="test_comment_detail_update_delete_delegate_to_service" time="0.001" /><testcase classname="backend.tests.test_dashboard_api" name="test_dashboard_requires_super_admin" time="0.001" /><testcase classname="backend.tests.test_dashboard_api" name="test_dashboard_services_require_super_admin[get_audit_logs-kwargs0]" time="0.001" /><testcase classname="backend.tests.test_dashboard_api" name="test_dashboard_services_require_super_admin[get_audit_log_filter_options-kwargs1]" time="0.001" /><testcase classname="backend.tests.test_dashboard_api" name="test_dashboard_services_require_super_admin[get_audit_log_detail-kwargs2]" time="0.001" /><testcase classname="backend.tests.test_dashboard_api" name="test_dashboard_services_require_super_admin[get_assignment_history-kwargs3]" time="0.001" /><testcase classname="backend.tests.test_dashboard_api" name="test_dashboard_services_require_super_admin[get_activity_spaces-kwargs4]" time="0.001" /><testcase classname="backend.tests.test_dashboard_api" name="test_dashboard_services_require_super_admin[get_recent_activities-kwargs5]" time="0.001" /><testcase classname="backend.tests.test_dashboard_api" name="test_space_summary_access_allows_super_admin_owner_and_active_member" time="0.001" /><testcase classname="backend.tests.test_dashboard_api" name="test_space_summary_members_are_visible_by_role" time="0.002" /><testcase classname="backend.tests.test_dashboard_api" name="test_space_summary_dashboard_aggregates_one_space_for_owner" time="0.002" /><testcase classname="backend.tests.test_dashboard_api" name="test_space_summary_dashboard_filters_owner_view_by_selected_member" time="0.003" /><testcase classname="backend.tests.test_dashboard_api" name="test_space_summary_dashboard_scopes_member_to_assigned_tasks" time="0.004" /><testcase classname="backend.tests.test_dashboard_api" name="test_space_summary_recent_tasks_and_assignment_history_are_scoped_to_space" time="0.001" /><testcase classname="backend.tests.test_dashboard_api" name="test_super_admin_dashboard_aggregates_system_metrics" time="0.001" /><testcase classname="backend.tests.test_dashboard_api" name="test_audit_logs_response_serializes_user_and_event" time="0.001" /><testcase classname="backend.tests.test_dashboard_api" name="test_audit_log_detail_returns_payload_and_rejects_missing" time="0.001" /><testcase classname="backend.tests.test_dashboard_api" name="test_audit_log_filter_options_are_built_from_database" time="0.001" /><testcase classname="backend.tests.test_dashboard_api" name="test_audit_retention_purge_deletes_expired_logs_and_commits" time="0.001" /><testcase classname="backend.tests.test_dashboard_api" name="test_audit_retention_purge_rolls_back_and_closes_on_error" time="0.006" /><testcase classname="backend.tests.test_dashboard_api" name="test_assignment_history_response_serializes_task_space_and_users" time="0.003" /><testcase classname="backend.tests.test_dashboard_api" name="test_activity_spaces_returns_all_super_admin_space_filters" time="0.001" /><testcase classname="backend.tests.test_dashboard_api" name="test_recent_activities_worked_on_supports_space_search_status_date_and_counts" time="0.001" /><testcase classname="backend.tests.test_dashboard_api" name="test_dashboard_rejects_unsupported_date_range" time="0.002" /><testcase classname="backend.tests.test_dashboard_api" name="test_recent_activities_viewed_and_assign_history_tabs" time="0.001" /><testcase classname="backend.tests.test_dashboard_api" name="test_recent_activities_invalid_tab_defaults_to_worked_on" time="0.001" /><testcase classname="backend.tests.test_dashboard_api" name="test_api_dashboard_route_delegates_to_dashboard_service" time="0.002" /><testcase classname="backend.tests.test_dashboard_api" name="test_api_space_summary_routes_delegate_to_dashboard_service" time="0.001" /><testcase classname="backend.tests.test_dashboard_api" name="test_openapi_hides_space_summary_detail_routes" time="0.951" /><testcase classname="backend.tests.test_dashboard_api" name="test_api_activity_routes_delegate_to_dashboard_service" time="0.001" /><testcase classname="backend.tests.test_dashboard_api" name="test_api_audit_log_routes_delegate_to_dashboard_service" time="0.001" /><testcase classname="backend.tests.test_dashboard_api" name="test_api_assignment_history_route_delegates_to_dashboard_service" time="0.001" /><testcase classname="backend.tests.test_help_api" name="test_help_routes_require_authenticated_user" time="0.000" /><testcase classname="backend.tests.test_help_api" name="test_help_routes_still_delegate_to_service_for_authenticated_user" time="0.001" /><testcase classname="backend.tests.test_help_api" name="test_ai_chat_route_delegates_to_service_for_authenticated_user" time="0.001" /><testcase classname="backend.tests.test_main_layout" name="test_initials_for_name" time="0.000" /><testcase classname="backend.tests.test_main_layout" name="test_openapi_keeps_only_backend_owned_main_layout_routes" time="0.462" /><testcase classname="backend.tests.test_main_layout" name="test_get_preferences_uses_default_when_missing" time="0.001" /><testcase classname="backend.tests.test_main_layout" name="test_update_language_creates_missing_preference" time="0.001" /><testcase classname="backend.tests.test_main_layout" name="test_update_language_updates_existing_preference" time="0.001" /><testcase classname="backend.tests.test_main_layout" name="test_update_language_rejects_unsupported_language" time="0.000" /><testcase classname="backend.tests.test_main_layout" name="test_update_language_endpoint_commits" time="0.001" /><testcase classname="backend.tests.test_main_layout" name="test_main_layout_profile_get_and_update" time="0.001" /><testcase classname="backend.tests.test_main_layout" name="test_current_user_rejects_access_token_missing_from_token_store" time="0.002" /><testcase classname="backend.tests.test_main_layout" name="test_current_user_accepts_stored_matching_access_token" time="0.001" /><testcase classname="backend.tests.test_main_layout" name="test_current_user_rejects_refresh_token_even_when_stored" time="0.001" /><testcase classname="backend.tests.test_main_layout" name="test_space_context_owner_member_and_non_member" time="0.001" /><testcase classname="backend.tests.test_main_layout" name="test_space_context_super_admin_is_read_only_and_records_recent_view" time="0.001" /><testcase classname="backend.tests.test_main_layout" name="test_space_context_missing_or_deleted_returns_404" time="0.000" /><testcase classname="backend.tests.test_main_layout" name="test_global_search_hides_users_for_regular_user" time="0.001" /><testcase classname="backend.tests.test_main_layout" name="test_global_search_keyword_searches_selected_types" time="0.001" /><testcase classname="backend.tests.test_main_layout" name="test_global_search_super_admin_user_items_include_display_context" time="0.001" /><testcase classname="backend.tests.test_main_layout" name="test_global_search_empty_query_uses_real_recent_views" time="0.001" /><testcase classname="backend.tests.test_main_layout" name="test_global_search_empty_query_can_skip_recent" time="0.001" /><testcase classname="backend.tests.test_main_layout" name="test_global_search_empty_query_hides_recent_users_for_regular_user" time="0.001" /><testcase classname="backend.tests.test_main_layout" name="test_global_search_rejects_invalid_types" time="0.000" /><testcase classname="backend.tests.test_main_layout" name="test_search_recent_endpoints_use_current_user" time="0.000" /><testcase classname="backend.tests.test_notifications" name="test_list_notifications_uses_current_user_and_returns_unread_count" time="0.001" /><testcase classname="backend.tests.test_notifications" name="test_get_notification_for_other_user_returns_404" time="0.001" /><testcase classname="backend.tests.test_notifications" name="test_notification_response_does_not_expose_actor_password_hash" time="0.001" /><testcase classname="backend.tests.test_notifications" name="test_system_notification_can_have_null_actor" time="0.001" /><testcase classname="backend.tests.test_notifications" name="test_notification_response_includes_task_sprint_summary" time="0.001" /><testcase classname="backend.tests.test_notifications" name="test_list_filters_are_forwarded_to_repository" time="0.001" /><testcase classname="backend.tests.test_notifications" name="test_notification_repository_cutoffs_match_retention_policy" time="0.001" /><testcase classname="backend.tests.test_notifications" name="test_notification_repository_visible_operations_apply_thirty_day_window" time="0.018" /><testcase classname="backend.tests.test_notifications" name="test_create_notification_defaults_to_vietnam_timestamp" time="0.001" /><testcase classname="backend.tests.test_notifications" name="test_notification_retention_purge_deletes_older_than_six_months_and_commits" time="0.001" /><testcase classname="backend.tests.test_notifications" name="test_openapi_documents_page_size_limit_read_state_and_no_legacy_patch_endpoints" time="0.472" /><testcase classname="backend.tests.test_notifications" name="test_get_notification_marks_unread_notification_as_read" time="0.001" /><testcase classname="backend.tests.test_notifications" name="test_get_notification_keeps_read_notification_without_commit" time="0.001" /><testcase classname="backend.tests.test_notifications" name="test_update_read_state_marks_all_read_for_current_user" time="0.001" /><testcase classname="backend.tests.test_notifications" name="test_update_read_state_marks_selected_notifications_read_or_unread" time="0.001" /><testcase classname="backend.tests.test_notifications" name="test_update_read_state_validation_rejects_selected_without_ids_and_all_unread" time="0.001" /><testcase classname="backend.tests.test_notifications" name="test_bulk_ids_deduplicate_and_empty_request_rejected" time="0.001" /><testcase classname="backend.tests.test_notifications" name="test_bulk_ids_have_maximum_size" time="0.001" /><testcase classname="backend.tests.test_notifications" name="test_delete_single_returns_204_and_other_user_returns_404" time="0.001" /><testcase classname="backend.tests.test_notifications" name="test_preference_scopes_for_user_owner_and_super_admin" time="0.001" /><testcase classname="backend.tests.test_notifications" name="test_non_super_admin_cannot_access_super_admin_scope" time="0.001" /><testcase classname="backend.tests.test_notifications" name="test_get_preferences_auto_creates_defaults_without_duplicates" time="0.001" /><testcase classname="backend.tests.test_notifications" name="test_super_admin_gets_super_admin_preference" time="0.001" /><testcase classname="backend.tests.test_notifications" name="test_preference_put_patch_and_reset" time="0.001" /><testcase classname="backend.tests.test_notifications" name="test_preference_update_rejects_digest_until_digest_jobs_exist" time="0.001" /><testcase classname="backend.tests.test_notifications" name="test_preference_validation_rejects_bad_frequency_settings_shape_value_and_scope_key" time="0.001" /><testcase classname="backend.tests.test_notifications" name="test_owner_can_enable_owner_space_update_without_owning_a_space" time="0.001" /><testcase classname="backend.tests.test_notifications" name="test_preference_api_never_accepts_user_id_from_client" time="0.384" /><testcase classname="backend.tests.test_notifications" name="test_notification_service_skips_self_notification_before_db_lookup" time="0.001" /><testcase classname="backend.tests.test_notifications" name="test_notification_service_allows_self_notification_when_flag_is_true" time="0.001" /><testcase classname="backend.tests.test_notifications" name="test_notification_service_skips_when_app_setting_disabled" time="0.001" /><testcase classname="backend.tests.test_notifications" name="test_notification_service_creates_when_setting_key_missing_and_default_true" time="0.001" /><testcase classname="backend.tests.test_notifications" name="test_notification_service_sends_email_when_email_preference_enabled" time="0.001" /><testcase classname="backend.tests.test_notifications" name="test_notification_service_does_not_send_email_when_email_setting_disabled" time="0.001" /><testcase classname="backend.tests.test_notifications" name="test_notification_service_does_not_send_email_when_email_frequency_off" time="0.001" /><testcase classname="backend.tests.test_notifications" name="test_notification_service_does_not_send_email_when_email_globally_disabled" time="0.001" /><testcase classname="backend.tests.test_notifications" name="test_notification_service_sends_email_when_app_notification_disabled" time="0.001" /><testcase classname="backend.tests.test_notifications" name="test_owner_space_update_requires_recipient_to_own_space" time="0.001" /><testcase classname="backend.tests.test_notifications" name="test_owner_space_update_creates_for_owner_and_skips_missing_space_id" time="0.002" /><testcase classname="backend.tests.test_notifications" name="test_system_notification_with_null_actor_requires_super_admin_recipient" time="0.001" /><testcase classname="backend.tests.test_notifications" name="test_notification_service_skips_missing_recipient_task_and_space" time="0.001" /><testcase classname="backend.tests.test_notifications" name="test_notification_service_validates_type_and_audience" time="0.001" /><testcase classname="backend.tests.test_notifications" name="test_bulk_create_deduplicates_skips_self_and_avoids_repeated_lookup" time="0.001" /><testcase classname="backend.tests.test_spaces_api" name="test_space_crud_routes_delegate_to_repository" time="0.001" /><testcase classname="backend.tests.test_spaces_api" name="test_create_space_requires_user_role" time="0.002" /><testcase classname="backend.tests.test_spaces_api" name="test_create_space_requires_current_user_as_owner" time="0.001" /><testcase classname="backend.tests.test_spaces_api" name="test_space_trash_and_members_routes_delegate_to_repository" time="0.001" /><testcase classname="backend.tests.test_spaces_api" name="test_space_service_normalizes_space_name" time="0.001" /><testcase classname="backend.tests.test_spaces_api" name="test_archived_space_is_read_only" time="0.001" /><testcase classname="backend.tests.test_spaces_api" name="test_complete_space_rejects_unfinished_work_and_pending_invites" time="0.001" /><testcase classname="backend.tests.test_spaces_api" name="test_archive_space_checks_completion_requirements" time="0.001" /><testcase classname="backend.tests.test_spaces_api" name="test_delete_space_allows_archived_space_for_owner" time="0.001" /><testcase classname="backend.tests.test_spaces_api" name="test_unarchive_space_reopens_archived_space_for_owner" time="0.001" /><testcase classname="backend.tests.test_spaces_api" name="test_unarchive_space_rejects_expired_reopen_window" time="0.001" /><testcase classname="backend.tests.test_spaces_api" name="test_unarchive_space_rejects_deleted_space" time="0.001" /><testcase classname="backend.tests.test_spaces_api" name="test_delete_space_rejects_already_deleted_space" time="0.001" /><testcase classname="backend.tests.test_spaces_api" name="test_invitation_acceptance_notifies_original_inviter" time="0.001" /><testcase classname="backend.tests.test_spaces_api" name="test_invitation_acceptance_notifies_owner_and_requester" time="0.001" /><testcase classname="backend.tests.test_spaces_api" name="test_owner_approval_sends_invitation_from_original_requester" time="0.001" /><testcase classname="backend.tests.test_spaces_api" name="test_admin_cannot_add_people_to_space" time="0.001" /><testcase classname="backend.tests.test_spaces_api" name="test_owner_invites_existing_user_and_waits_for_acceptance" time="0.001" /><testcase classname="backend.tests.test_spaces_api" name="test_cleanup_expired_deleted_spaces_hard_deletes_only_expired_spaces" time="0.001" /><testcase classname="backend.tests.test_spaces_api" name="test_cleanup_expired_deleted_spaces_skips_commit_when_nothing_expired" time="0.001" /><testcase classname="backend.tests.test_spaces_api" name="test_cleanup_expired_deleted_spaces_rolls_back_on_failure" time="0.001" /><testcase classname="backend.tests.test_spaces_api" name="test_cleanup_expired_archived_space_reopen_windows_expires_reopen" time="0.001" /><testcase classname="backend.tests.test_sprint_api" name="test_sprint_create_validates_date_range" time="0.001" /><testcase classname="backend.tests.test_sprint_api" name="test_sprint_update_trims_name_and_validates_date_range" time="0.001" /><testcase classname="backend.tests.test_sprint_api" name="test_list_and_create_sprints_delegate_to_service" time="0.001" /><testcase classname="backend.tests.test_sprint_api" name="test_sprint_create_defaults_to_planned" time="0.001" /><testcase classname="backend.tests.test_sprint_api" name="test_sprint_update_delete_activate_and_complete_delegate_to_service" time="0.001" /><testcase classname="backend.tests.test_sprint_api" name="test_complete_sprint_requires_all_tasks_done" time="0.001"><failure message="AssertionError: assert 'Sprint can o... or cancelled' == 'Sprint can o...asks are done'&#10;  &#10;  Skipping 41 identical leading characters in diff, use -v to show&#10;  - ks are done&#10;  + ks are done or cancelled">monkeypatch = &lt;_pytest.monkeypatch.MonkeyPatch object at 0x000001E5FED1A820&gt;

    def test_complete_sprint_requires_all_tasks_done(monkeypatch):
        db = object()
        user = SimpleNamespace(user_id="USR00000003", role="USER")
        space = SimpleNamespace(
            space_id="SPC00000002",
            owner_id=user.user_id,
            status_space="Active",
            deleted_at=None,
        )
        sprint = SimpleNamespace(
            sprint_id="SPR00000003",
            space_id=space.space_id,
            status="Active",
            space=space,
        )
    
        monkeypatch.setattr(sprint_service, "_get_sprint_or_404", lambda received_db, sprint_id: sprint)
        monkeypatch.setattr(sprint_service.sprint_repository, "count_incomplete_tasks_by_sprint", lambda *_args: 2)
    
        with pytest.raises(HTTPException) as exc_info:
            sprint_service.complete_sprint(db, sprint.sprint_id, user)
    
        assert exc_info.value.status_code == 400
&gt;       assert exc_info.value.detail == "Sprint can only be completed when all tasks are done"
E       AssertionError: assert 'Sprint can o... or cancelled' == 'Sprint can o...asks are done'
E         
E         Skipping 41 identical leading characters in diff, use -v to show
E         - ks are done
E         + ks are done or cancelled

backend\tests\test_sprint_api.py:153: AssertionError</failure></testcase><testcase classname="backend.tests.test_sprint_api" name="test_activate_sprint_requires_previous_sprints_completed" time="0.001" /><testcase classname="backend.tests.test_task_assignments" name="test_assign_task_assignees_creates_assignment_history_notification_and_commits" time="0.001" /><testcase classname="backend.tests.test_task_assignments" name="test_assign_rejects_duplicate_payload_and_existing_assignment" time="0.001" /><testcase classname="backend.tests.test_task_assignments" name="test_assign_rejects_user_not_active_or_not_space_member" time="0.001" /><testcase classname="backend.tests.test_task_assignments" name="test_get_task_assignees_and_assignment_history" time="0.002" /><testcase classname="backend.tests.test_task_assignments" name="test_reassign_task_assignee_updates_assignment_and_notifies_both_users" time="0.001" /><testcase classname="backend.tests.test_task_assignments" name="test_reassign_rejects_missing_previous_same_or_existing_new_assignee" time="0.002" /><testcase classname="backend.tests.test_task_assignments" name="test_remove_task_assignee_deletes_history_notification_and_commits" time="0.001" /><testcase classname="backend.tests.test_task_assignments" name="test_permissions_and_deleted_task_guards" time="0.001" /><testcase classname="backend.tests.test_task_assignments" name="test_assign_task_rejects_completed_sprint" time="0.001" /><testcase classname="backend.tests.test_task_assignments" name="test_transaction_rolls_back_when_assignment_creation_fails" time="0.001" /><testcase classname="backend.tests.test_task_management_api" name="test_assignment_routes_are_documented_under_task_management" time="0.456" /><testcase classname="backend.tests.test_task_management_api" name="test_next_task_id_uses_space_key_and_next_sequence" time="0.001" /><testcase classname="backend.tests.test_task_management_api" name="test_create_task_delegates_form_payload_and_attachments_to_service" time="0.001" /><testcase classname="backend.tests.test_task_management_api" name="test_list_task_endpoints_delegate_filters_to_service" time="0.001" /><testcase classname="backend.tests.test_task_management_api" name="test_task_detail_update_delete_delegate_to_service" time="0.001" /><testcase classname="backend.tests.test_task_management_api" name="test_get_task_detail_records_recent_view" time="0.001" /><testcase classname="backend.tests.test_task_management_api" name="test_delete_task_requires_space_owner" time="0.001" /><testcase classname="backend.tests.test_task_management_api" name="test_create_task_rejects_completed_sprint" time="0.001" /><testcase classname="backend.tests.test_task_management_api" name="test_update_task_rejects_completed_current_sprint" time="0.001" /><testcase classname="backend.tests.test_task_management_api" name="test_update_task_rejects_move_to_completed_sprint" time="0.001" /><testcase classname="backend.tests.test_task_management_api" name="test_delete_task_rejects_completed_sprint" time="0.001" /><testcase classname="backend.tests.test_task_management_api" name="test_create_task_uploads_attachments_after_task_is_created" time="0.001" /><testcase classname="backend.tests.test_task_management_api" name="test_task_list_item_hydrates_image_attachment_for_board_preview" time="0.001" /><testcase classname="backend.tests.test_task_management_api" name="test_task_overdue_flag_is_calculated_from_completed_at" time="0.000" /><testcase classname="backend.tests.test_task_management_api" name="test_task_due_today_flag_is_calculated_from_completed_at" time="0.000" /><testcase classname="backend.tests.test_task_management_api" name="test_task_list_item_response_includes_overdue_flag" time="0.001" /><testcase classname="backend.tests.test_task_management_api" name="test_task_list_item_response_includes_due_today_flag" time="0.001" /><testcase classname="backend.tests.test_user_management_api" name="test_ensure_super_admin_allows_super_admin" time="0.001" /><testcase classname="backend.tests.test_user_management_api" name="test_ensure_super_admin_rejects_non_super_admin[USER]" time="0.001" /><testcase classname="backend.tests.test_user_management_api" name="test_ensure_super_admin_rejects_non_super_admin[OWNER]" time="0.001" /><testcase classname="backend.tests.test_user_management_api" name="test_ensure_super_admin_rejects_non_super_admin[]" time="0.001" /><testcase classname="backend.tests.test_user_management_api" name="test_ensure_super_admin_rejects_non_super_admin[None]" time="0.001" /><testcase classname="backend.tests.test_user_management_api" name="test_validate_pagination_accepts_valid_values[1-1]" time="0.001" /><testcase classname="backend.tests.test_user_management_api" name="test_validate_pagination_accepts_valid_values[1-20]" time="0.001" /><testcase classname="backend.tests.test_user_management_api" name="test_validate_pagination_accepts_valid_values[5-100]" time="0.001" /><testcase classname="backend.tests.test_user_management_api" name="test_validate_pagination_rejects_invalid_values[0-20-page must be greater than or equal to 1]" time="0.001" /><testcase classname="backend.tests.test_user_management_api" name="test_validate_pagination_rejects_invalid_values[-1-20-page must be greater than or equal to 1]" time="0.001" /><testcase classname="backend.tests.test_user_management_api" name="test_validate_pagination_rejects_invalid_values[1-0-page_size must be between 1 and 100]" time="0.001" /><testcase classname="backend.tests.test_user_management_api" name="test_validate_pagination_rejects_invalid_values[1-101-page_size must be between 1 and 100]" time="0.001" /><testcase classname="backend.tests.test_user_management_api" name="test_validate_pagination_rejects_invalid_values[1--5-page_size must be between 1 and 100]" time="0.001" /><testcase classname="backend.tests.test_user_management_api" name="test_validate_update_payload_accepts_allowed_fields[payload0]" time="0.001" /><testcase classname="backend.tests.test_user_management_api" name="test_validate_update_payload_accepts_allowed_fields[payload1]" time="0.001" /><testcase classname="backend.tests.test_user_management_api" name="test_validate_update_payload_accepts_allowed_fields[payload2]" time="0.001" /><testcase classname="backend.tests.test_user_management_api" name="test_validate_update_payload_accepts_allowed_fields[payload3]" time="0.001" /><testcase classname="backend.tests.test_user_management_api" name="test_validate_update_payload_accepts_allowed_fields[payload4]" time="0.001" /><testcase classname="backend.tests.test_user_management_api" name="test_validate_update_payload_accepts_allowed_fields[payload5]" time="0.001" /><testcase classname="backend.tests.test_user_management_api" name="test_validate_update_payload_accepts_allowed_fields[payload6]" time="0.000" /><testcase classname="backend.tests.test_user_management_api" name="test_validate_update_payload_accepts_allowed_fields[payload7]" time="0.001" /><testcase classname="backend.tests.test_user_management_api" name="test_validate_update_payload_accepts_allowed_fields[payload8]" time="0.001" /><testcase classname="backend.tests.test_user_management_api" name="test_validate_update_payload_accepts_allowed_fields[payload9]" time="0.001" /><testcase classname="backend.tests.test_user_management_api" name="test_validate_update_payload_accepts_allowed_fields[payload10]" time="0.001" /><testcase classname="backend.tests.test_user_management_api" name="test_validate_update_payload_rejects_invalid_fields[payload0-At least one field is required]" time="0.001" /><testcase classname="backend.tests.test_user_management_api" name="test_validate_update_payload_rejects_invalid_fields[payload1-Read-only fields cannot be modified after registration: email]" time="0.001" /><testcase classname="backend.tests.test_user_management_api" name="test_validate_update_payload_rejects_invalid_fields[payload2-Read-only fields cannot be modified after registration: full_name]" time="0.001" /><testcase classname="backend.tests.test_user_management_api" name="test_validate_update_payload_rejects_invalid_fields[payload3-Read-only fields cannot be modified after registration: password_hash]" time="0.001" /><testcase classname="backend.tests.test_user_management_api" name="test_validate_update_payload_rejects_invalid_fields[payload4-Read-only fields cannot be modified after registration: email, full_name]" time="0.002" /><testcase classname="backend.tests.test_user_management_api" name="test_validate_update_payload_rejects_invalid_fields[payload5-Invalid update fields: role]" time="0.001" /><testcase classname="backend.tests.test_user_management_api" name="test_validate_update_payload_rejects_invalid_fields[payload6-Invalid update fields: role]" time="0.001" /><testcase classname="backend.tests.test_user_management_api" name="test_validate_update_payload_rejects_invalid_fields[payload7-Invalid update fields: role]" time="0.001" /><testcase classname="backend.tests.test_user_management_api" name="test_validate_update_payload_rejects_invalid_fields[payload8-Invalid update fields: role]" time="0.001" /><testcase classname="backend.tests.test_user_management_api" name="test_validate_update_payload_rejects_invalid_fields[payload9-Invalid update fields: avatar_url]" time="0.001" /><testcase classname="backend.tests.test_user_management_api" name="test_validate_update_payload_rejects_invalid_fields[payload10-Invalid status value]" time="0.001" /><testcase classname="backend.tests.test_user_management_api" name="test_validate_update_payload_rejects_invalid_fields[payload11-Invalid status value]" time="0.001" /><testcase classname="backend.tests.test_user_management_api" name="test_validate_update_payload_rejects_invalid_fields[payload12-failed_login_attempts must be a non-negative integer]" time="0.001" /><testcase classname="backend.tests.test_user_management_api" name="test_validate_update_payload_rejects_invalid_fields[payload13-failed_login_attempts must be a non-negative integer]" time="0.001" /><testcase classname="backend.tests.test_user_management_api" name="test_update_request_schema_accepts_allowed_fields" time="0.000" /><testcase classname="backend.tests.test_user_management_api" name="test_update_request_schema_rejects_invalid_payload[payload0]" time="0.001" /><testcase classname="backend.tests.test_user_management_api" name="test_update_request_schema_rejects_invalid_payload[payload1]" time="0.001" /><testcase classname="backend.tests.test_user_management_api" name="test_update_request_schema_rejects_invalid_payload[payload2]" time="0.001" /><testcase classname="backend.tests.test_user_management_api" name="test_update_request_schema_rejects_invalid_payload[payload3]" time="0.001" /><testcase classname="backend.tests.test_user_management_api" name="test_update_request_schema_rejects_invalid_payload[payload4]" time="0.002" /><testcase classname="backend.tests.test_user_management_api" name="test_get_user_or_404_returns_existing_user" time="0.001" /><testcase classname="backend.tests.test_user_management_api" name="test_get_user_or_404_raises_for_missing_user" time="0.001" /><testcase classname="backend.tests.test_user_management_api" name="test_update_user_updates_only_allowed_fields" time="0.001" /><testcase classname="backend.tests.test_user_management_api" name="test_activate_user_sets_status_active" time="0.001" /><testcase classname="backend.tests.test_user_management_api" name="test_deactivate_user_sets_status_inactive" time="0.001" /><testcase classname="backend.tests.test_user_management_api" name="test_lock_user_sets_status_and_locked_until" time="0.001" /><testcase classname="backend.tests.test_user_management_api" name="test_unlock_user_sets_active_resets_attempts_and_clears_lock" time="0.001" /><testcase classname="backend.tests.test_user_management_api" name="test_user_response_never_exposes_password_hash" time="0.000" /><testcase classname="backend.tests.test_user_management_api" name="test_update_user_avatar_saves_public_media_url_to_user" time="0.020" /><testcase classname="backend.tests.test_user_management_api" name="test_update_user_avatar_uses_cloudinary_when_enabled" time="0.001" /><testcase classname="backend.tests.test_user_management_api" name="test_create_user_audit_log_stores_expected_fields" time="0.001" /><testcase classname="backend.tests.test_user_management_api" name="test_create_user_audit_log_supports_all_user_management_actions[UPDATE_USER]" time="0.001" /><testcase classname="backend.tests.test_user_management_api" name="test_create_user_audit_log_supports_all_user_management_actions[ACTIVATE_USER]" time="0.001" /><testcase classname="backend.tests.test_user_management_api" name="test_create_user_audit_log_supports_all_user_management_actions[DEACTIVATE_USER]" time="0.001" /><testcase classname="backend.tests.test_user_management_api" name="test_create_user_audit_log_supports_all_user_management_actions[LOCK_USER]" time="0.001" /><testcase classname="backend.tests.test_user_management_api" name="test_create_user_audit_log_supports_all_user_management_actions[UNLOCK_USER]" time="0.001" /><testcase classname="backend.tests.test_user_management_api" name="test_create_user_audit_log_supports_all_user_management_actions[UPDATE_USER_STATUS]" time="0.001" /><testcase classname="backend.tests.test_user_management_api" name="test_create_user_audit_log_supports_all_user_management_actions[UPDATE_USER_LOCK_STATUS]" time="0.001" /></testsuite></testsuites>